This is the 0-add_integer module.

--------

The module returns the sum of two integers.

---------

Function to be imported:

>>> add_integer = __import__('0-add_integer').add_integer

Testing:

>>> add_integer(4, 1)
5

>>> add_integer(3, 5.2)
8

>>> add_integer(4, -1)
3

>>> add_integer(3)
101

>>> add_integer(-4, -3)
-7

>>> add_integer(13.2, 11.2)
24

>>> add_integer(1e50000, -1e100)
Traceback (most recent call last):
...
OverflowError: cannot convert float infinity to integer

------

Non-int tests

------

>>> add_integer(2, "Integer")
Traceback (most recent call last):
TypeError: b must be an integer

>>> add_integer(None)
Traceback (most recent call last):
TypeError: a must be an integer

>>> add_integer()
Traceback (most recent call last):
TypeError: add_integer() missing 1 required positional argument: 'a'