The 2-matrix_divided module.

--------

a function that divides all elements of a matrix.

--------

Import this:

>>> matrix_divided = __import__('2-matrix_divided').matrix_divided

--------

Test cases:

--------

>>> matrix = [[1, 2, 3], [4, 5, 6]]
>>> matrix_divided(matrix, 3)
[[0.33, 0.67, 1.0], [1.33, 1.67, 2.0]]

>>> matrix_divided(matrix, "3")
Traceback (most recent call last):
...
TypeError: div must be a number

>>> matrix_divided(matrix, 0)
Traceback (most recent call last):
...
ZeroDivisionError: division by zero

>>> matrix_divided([1, 2, 3], 3)
Traceback (most recent call last):
...
TypeError: matrix must be a matrix (list of lists) of integers/floats

>>> matrix = [[1, 2, 3], [4, 5]]
>>> matrix_divided(matrix, 3)
Traceback (most recent call last):
...
TypeError: Each row of the matrix must have the same size

>>> import math
>>> matrix = [[1, 2, 3], [4, 5, 6]]
>>> matrix_divided(matrix, float('inf'))
[[0.0, 0.0, 0.0], [0.0, 0.0, 0.0]]

>>> matrix = [[1, 2, float('inf')], [4, 5, 6]]
>>> matrix_divided(matrix, 3)
[[0.33, 0.67, inf], [1.33, 1.67, 2.0]]

>>> matrix = [[1, 2, float('inf')], [4, 5, 6]]
>>> matrix_divided(matrix, float('inf'))
[[0.0, 0.0, nan], [0.0, 0.0, 0.0]]

>>> matrix_divided([[1, 2], [3, 4]])
Traceback (most recent call last):
...
TypeError: matrix_divided() missing 1 required positional argument: 'div'

>>> matrix_divided()
Traceback (most recent call last):
...
TypeError: matrix_divided() missing 2 required positional arguments: 'matrix' and 'div'