The 3-say_my_name module.

------------

a function that prints My name is <first name> <last name>.

------------

Import this:

>>> say_my_name = __import__('3-say_my_name').say_my_name

Test cases:

>>> say_my_name("John", "Doe")
My name is John Doe

>>> say_my_name("John", 12)
Traceback (most recent call last):
    ...
TypeError: last_name must be a string

>>> say_my_name(12, "Doe")
Traceback (most recent call last):
    ...
TypeError: first_name must be a string

>>> say_my_name()
Traceback (most recent call last):
    ...
TypeError: say_my_name() missing 1 required positional argument: 'first_name'