This is the 4-print_square module.

----------

a function that prints a square with the character #.

----------

Import this.

>>> print_square = __import__('4-print_square').print_square

----------

Test case:

>>> print_square(4)
####
####
####
####

>>> print_square(1)
#

>>> print_square(0)

Test with non-integer input (TypeError):

>>> print_square(3.5)
Traceback (most recent call last):
...
TypeError: size must be an integer

>>> print_square(-2)
Traceback (most recent call last):
...
ValueError: size must be >= 0

>>> print_square()
Traceback (most recent call last):
...
TypeError: print_square() missing 1 required positional argument: 'size'